Jul 14 20:12:07 ubuntu sshd[2310]: Accepted password for marcus from 10.0.0.5 port 51422 ssh2
Jul 14 20:12:07 ubuntu sshd[2310]: pam_unix(sshd:session): session opened for user marcus by (uid=0)
Jul 14 20:14:02 ubuntu sshd[2312]: Invalid user backup from 10.0.0.9 port 52110 ssh2
Jul 14 20:14:04 ubuntu sshd[2312]: Invalid user deploy from 10.0.0.9 port 52111 ssh2
Jul 14 20:15:32 ubuntu sshd[2321]: Failed password for invalid user root from 10.0.0.9 port 52200 ssh2
Jul 14 20:15:35 ubuntu sshd[2321]: Failed password for invalid user root from 10.0.0.9 port 52201 ssh2
Jul 14 20:15:38 ubuntu sshd[2321]: Failed password for invalid user root from 10.0.0.9 port 52202 ssh2
Jul 14 20:18:14 ubuntu sshd[2330]: Accepted password for admin from 10.0.0.5 port 51423 ssh2
Jul 14 20:18:15 ubuntu sshd[2330]: pam_unix(sshd:session): session opened for user admin by (uid=0)
Jul 14 20:20:01 ubuntu CRON[2340]: (root) CMD (run-parts --report /etc/cron.hourly)
Jul 14 20:22:45 ubuntu sshd[2348]: Invalid user docker from 10.0.0.12 port 53333 ssh2
Jul 14 20:22:47 ubuntu sshd[2348]: Failed password for invalid user docker from 10.0.0.12 port 53334 ssh2
Jul 14 20:25:10 ubuntu sshd[2360]: Accepted password for support from 10.0.0.3 port 54001 ssh2

